C:\altera\ciclicheskoe11\Logical\Global.typ
C:\altera\ciclicheskoe11\Logical\Global.var
C:\altera\ciclicheskoe11\Logical\Libraries\operator\operator.fun
C:\altera\ciclicheskoe11\Logical\Libraries\operator\operator.typ
C:\altera\ciclicheskoe11\Logical\Libraries\operator\operator.var
C:\altera\ciclicheskoe11\Logical\Libraries\runtime\runtime.fun
C:\altera\ciclicheskoe11\Logical\Libraries\runtime\runtime.typ
C:\altera\ciclicheskoe11\Logical\Libraries\runtime\runtime.var
C:\altera\ciclicheskoe11\Logical\Libraries\astime\astime.fun
C:\altera\ciclicheskoe11\Logical\Libraries\astime\astime.typ
C:\altera\ciclicheskoe11\Logical\Libraries\astime\astime.var
C:\altera\ciclicheskoe11\Logical\Libraries\AsIecCon\AsIecCon.fun
C:\altera\ciclicheskoe11\Logical\Libraries\AsIecCon\AsIecCon.typ
C:\altera\ciclicheskoe11\Logical\Libraries\AsIecCon\AsIecCon.var
C:\altera\ciclicheskoe11\Logical\Libraries\Library\Library.fun
C:\altera\ciclicheskoe11\Logical\Libraries\Acp10sdc\acp10sdc.var
C:\altera\ciclicheskoe11\Logical\Libraries\Acp10sdc\acp10sdc.typ
C:\altera\ciclicheskoe11\Logical\Libraries\Acp10man\Acp10man.typ
C:\altera\ciclicheskoe11\Logical\Libraries\Acp10par\Acp10par.var
C:\altera\ciclicheskoe11\Logical\Libraries\NcGlobal\NcGlobal.fun
C:\altera\ciclicheskoe11\Logical\Libraries\NcGlobal\NcGlobal.typ
C:\altera\ciclicheskoe11\Logical\Libraries\NcGlobal\NcGlobal.var
C:\altera\ciclicheskoe11\Logical\Libraries\URTK_lib\Types.typ
C:\altera\ciclicheskoe11\Logical\Libraries\URTK_lib\Constants.var
C:\altera\ciclicheskoe11\Logical\Libraries\URTK_lib\URTK_lib.fun
C:\altera\ciclicheskoe11\Logical\Libraries\asstring\asstring.fun
C:\altera\ciclicheskoe11\Logical\Libraries\asstring\asstring.typ
C:\altera\ciclicheskoe11\Logical\Libraries\asstring\asstring.var
